// Jest Snapshot v1, https://goo.gl/fbAQLP

exports[`#HistoryTabChartComponent should render correctly 1`] = `
<View>
  <Text>
    History tab chart
  </Text>
</View>
`;
